
D:\мои моды\HexCasting-main>if "Windows_NT" == "Windows_NT" setlocal

D:\мои моды\HexCasting-main>set DIRNAME=D:\мои моды\HexCasting-main\ 

D:\мои моды\HexCasting-main>if "D:\мои моды\HexCasting-main\" == "" set DIRNAME=. 

D:\мои моды\HexCasting-main>set APP_BASE_NAME=gradlew 

D:\мои моды\HexCasting-main>set APP_HOME=D:\мои моды\HexCasting-main\ 

D:\мои моды\HexCasting-main>for %i in ("D:\мои моды\HexCasting-main\") do set APP_HOME=%~fi 

D:\мои моды\HexCasting-main>set APP_HOME=D:\мои моды\HexCasting-main\ 

D:\мои моды\HexCasting-main>set DEFAULT_JVM_OPTS="-Xmx64m" "-Xms64m" 

D:\мои моды\HexCasting-main>if defined JAVA_HOME goto findJavaFromJavaHome 

D:\мои моды\HexCasting-main>set JAVA_HOME=D:\мои моды\HexCasting-main\.gradle\local-jdks\jdk21\jdk-21.0.11+10 

D:\мои моды\HexCasting-main>set JAVA_EXE=D:\мои моды\HexCasting-main\.gradle\local-jdks\jdk21\jdk-21.0.11+10/bin/java.exe 

D:\мои моды\HexCasting-main>if exist "D:\мои моды\HexCasting-main\.gradle\local-jdks\jdk21\jdk-21.0.11+10/bin/java.exe" goto execute 

D:\мои моды\HexCasting-main>set CLASSPATH=D:\мои моды\HexCasting-main\\gradle\wrapper\gradle-wrapper.jar 

D:\мои моды\HexCasting-main>"D:\мои моды\HexCasting-main\.gradle\local-jdks\jdk21\jdk-21.0.11+10/bin/java.exe" "-Xmx64m" "-Xms64m"   "-Dorg.gradle.appname=gradlew" -classpath "D:\мои моды\HexCasting-main\\gradle\wrapper\gradle-wrapper.jar" org.gradle.wrapper.GradleWrapperMain :Forge:runClient --no-daemon --console plain 
To honour the JVM settings for this build a single-use Daemon process will be forked. For more on this, please refer to https://docs.gradle.org/8.10.2/userguide/gradle_daemon.html#sec:disabling_the_daemon in the Gradle documentation.
Daemon will be stopped at the end of the build 
> Task :Common:checkKotlinGradlePluginConfigurationErrors SKIPPED
> Task :Common:createMinecraftArtifacts UP-TO-DATE
> Task :Common:compileKotlin UP-TO-DATE
> Task :Common:compileJava UP-TO-DATE
> Task :Common:processResources
> Task :Common:classes
> Task :Forge:checkKotlinGradlePluginConfigurationErrors SKIPPED
> Task :Forge:createMinecraftArtifacts UP-TO-DATE
> Task :Forge:compileKotlin UP-TO-DATE
> Task :Forge:compileJava UP-TO-DATE
> Task :Forge:processResources
> Task :Forge:classes
> Task :Forge:downloadAssets UP-TO-DATE
> Task :Forge:writeClientLegacyClasspath UP-TO-DATE
> Task :Forge:prepareClientRun UP-TO-DATE

> Task :Forge:runClient
WARN StatusConsoleListener Advanced terminal features are not available in this environment
[18:56:11] [main/INFO] [cp.mo.mo.Launcher/MODLAUNCHER]: ModLauncher running: args [--launchTarget, forgeclientdev, --version, 21.1.228, --assetIndex, 17, --assetsDir, C:\\Users\\a1exr\\.gradle\\caches\\neoformruntime\\assets, --gameDir, ., --fml.fmlVersion, 4.0.42, --fml.mcVersion, 1.21.1, --fml.neoForgeVersion, 21.1.228, --fml.neoFormVersion, 20240808.144430]
[18:56:11] [main/INFO] [cp.mo.mo.Launcher/MODLAUNCHER]: JVM identified as Eclipse Adoptium OpenJDK 64-Bit Server VM 21.0.11+10-LTS
[18:56:11] [main/INFO] [cp.mo.mo.Launcher/MODLAUNCHER]: ModLauncher 11.0.5+main.901c6ea8 starting: java version 21.0.11 by Eclipse Adoptium; OS Windows 11 arch amd64 version 10.0
[18:56:11] [main/INFO] [ne.ne.fm.lo.ImmediateWindowHandler/]: Loading ImmediateWindowProvider fmlearlywindow
[18:56:12] [main/INFO] [EARLYDISPLAY/]: Trying GL version 4.6
[18:56:12] [main/INFO] [EARLYDISPLAY/]: Requested GL version 4.6 got version 4.6
[18:56:12] [main/INFO] [mixin/]: SpongePowered MIXIN Subsystem Version=0.8.7 Source=union:/C:/Users/a1exr/.gradle/caches/modules-2/files-2.1/net.fabricmc/sponge-mixin/0.15.2+mixin.0.8.7/2af2f021d8e02a0220dc27a7a72b4666d66d44ca/sponge-mixin-0.15.2+mixin.0.8.7.jar%23138!/ Service=ModLauncher Env=CLIENT
[18:56:12] [pool-2-thread-1/INFO] [EARLYDISPLAY/]: GL info: NVIDIA GeForce RTX 3060/PCIe/SSE2 GL version 4.6.0 NVIDIA 591.86, NVIDIA Corporation
[18:56:13] [main/INFO] [ne.ne.fm.lo.mo.lo.JarInJarDependencyLocator/]: Found 11 dependencies adding them to mods collection
[18:56:13] [main/INFO] [ne.ne.fm.lo.mo.ModDiscoverer/]: 
     Mod List:
		Name Version (Mod Id)

		Architectury 13.0.8 (architectury)
		Caelus API 7.0.1+1.21.1 (caelus)
		Curios API 9.2.2+1.21.1 (curios)
		Hex Casting 0.11.1-7+neoforge.1.21.1 (hexcasting)
		Kotlin For Forge 5.9.0 (kotlinforforge)
		Minecraft 1.21.1 (minecraft)
		NeoForge 21.1.228 (neoforge)
		Patchouli 1.21.1-93-NEOFORGE (patchouli)
		PAUCAL 0.7.0+neoforge-1.21.1 (paucal)
		Pehkui 3.8.3+1.21-neoforge (pehkui)
[18:56:15] [main/INFO] [mixin/]: Compatibility level set to JAVA_17
[18:56:15] [main/INFO] [mixin/]: Compatibility level set to JAVA_21
[18:56:15] [main/INFO] [cp.mo.mo.LaunchServiceHandler/MODLAUNCHER]: Launching target 'forgeclientdev' with arguments [--version, 21.1.228, --gameDir, ., --assetsDir, C:\Users\a1exr\.gradle\caches\neoformruntime\assets, --assetIndex, 17]
[18:56:15] [main/WARN] [mixin/]: Reference map 'hexcasting.mixins.refmap.json' for hexplat.mixins.json could not be read. If this is a development environment you can ignore this message
[18:56:15] [main/WARN] [mixin/]: Reference map 'hexcasting.mixins.refmap.json' for hexcasting_forge.mixins.json could not be read. If this is a development environment you can ignore this message
[18:56:15] [main/WARN] [mixin/]: Reference map 'curios.refmap.json' for curios.neoforge.mixins.json could not be read. If this is a development environment you can ignore this message
[18:56:15] [main/WARN] [mixin/]: Reference map 'curios.refmap.json' for curios.mixins.json could not be read. If this is a development environment you can ignore this message
[18:56:15] [main/WARN] [mixin/]: Reference map 'patchouli.refmap.json' for patchouli_xplat.mixins.json could not be read. If this is a development environment you can ignore this message
[18:56:16] [main/INFO] [MixinExtras|Service/]: Initializing MixinExtras via com.llamalad7.mixinextras.service.MixinExtrasServiceImpl(version=0.5.3).
[18:56:20] [Datafixer Bootstrap/INFO] [mojang/DataFixerBuilder]: 229 Datafixer optimizations took 450 milliseconds
[18:56:28] [main/WARN] [minecraft/Commands]: Ambiguity between arguments [teleport, location] and [teleport, destination] with inputs: [0.1 -0.5 .9, 0 0 0]
[18:56:28] [main/WARN] [minecraft/Commands]: Ambiguity between arguments [teleport, location] and [teleport, targets] with inputs: [0.1 -0.5 .9, 0 0 0]
[18:56:28] [main/WARN] [minecraft/Commands]: Ambiguity between arguments [teleport, destination] and [teleport, targets] with inputs: [Player, 0123, @e, dd12be42-52a9-4a91-a8a1-11c01849e498]
[18:56:28] [main/WARN] [minecraft/Commands]: Ambiguity between arguments [teleport, targets] and [teleport, destination] with inputs: [Player, 0123, dd12be42-52a9-4a91-a8a1-11c01849e498]
[18:56:28] [main/WARN] [minecraft/Commands]: Ambiguity between arguments [teleport, targets, location] and [teleport, targets, destination] with inputs: [0.1 -0.5 .9, 0 0 0]
[18:56:28] [Render thread/WARN] [minecraft/VanillaPackResourcesBuilder]: Assets URL 'union:/D:/╨╝╨╛╨╕%20╨╝╨╛╨┤╤Л/HexCasting-main/Forge/build/moddev/artifacts/neoforge-21.1.228.jar%23189!/assets/.mcassetsroot' uses unexpected schema
[18:56:28] [Render thread/WARN] [minecraft/VanillaPackResourcesBuilder]: Assets URL 'union:/D:/╨╝╨╛╨╕%20╨╝╨╛╨┤╤Л/HexCasting-main/Forge/build/moddev/artifacts/neoforge-21.1.228.jar%23189!/data/.mcassetsroot' uses unexpected schema
[18:56:29] [Render thread/INFO] [mojang/YggdrasilAuthenticationService]: Environment: Environment[sessionHost=https://sessionserver.mojang.com, servicesHost=https://api.minecraftservices.com, name=PROD]
[18:56:29] [Render thread/INFO] [minecraft/Minecraft]: Setting user: Dev
[18:56:29] [Render thread/INFO] [minecraft/Minecraft]: Backend library: LWJGL version 3.3.3+5
[18:56:29] [modloading-worker-0/INFO] [ne.ne.ne.co.NeoForgeMod/NEOFORGE-MOD]: NeoForge mod loading, version 21.1.228, for MC 1.21.1
[18:56:30] [modloading-worker-0/INFO] [th.ko.ne.te.KotlinForForge/]: Kotlin For Forge Enabled!
[18:56:32] [Render thread/INFO] [ne.ne.ne.ga.GameTestHooks/]: Enabled Gametest Namespaces: []
[18:56:33] [Render thread/INFO] [minecraft/ReloadableResourceManager]: Reloading ResourceManager: vanilla, mod_resources, mod/pehkui, mod/hexcasting, mod/kotlinforforge, mod/caelus, mod/curios, mod/patchouli, mod/architectury, mod/paucal, mod/neoforge
[18:56:33] [Worker-Main-2/INFO] [minecraft/UnihexProvider]: Found unifont_all_no_pua-15.1.05.hex, loading
[18:56:33] [Worker-Main-9/INFO] [minecraft/UnihexProvider]: Found unifont_jp_patch-15.1.05.hex, loading
[18:56:36] [Render thread/ERROR] [minecraft/SoundManager]: Missing subtitle translation{key='hexcasting.subtitles.casting.cast.fail', args=[]} for sound event: hexcasting:casting.cast.fail
[18:56:36] [Render thread/WARN] [minecraft/SoundEngine]: Missing sound for event: minecraft:item.goat_horn.play
[18:56:36] [Render thread/WARN] [minecraft/SoundEngine]: Missing sound for event: minecraft:entity.goat.screaming.horn_break
[18:56:36] [Render thread/INFO] [mojang/Library]: OpenAL initialized on device OpenAL Soft on Speakers (NVIDIA Broadcast)
[18:56:36] [Render thread/INFO] [minecraft/SoundEngine]: Sound engine started
[18:56:36] [Render thread/INFO] [minecraft/TextureAtlas]: Created: 1024x1024x4 minecraft:textures/atlas/blocks.png-atlas
[18:56:36] [Render thread/INFO] [minecraft/TextureAtlas]: Created: 256x256x4 minecraft:textures/atlas/signs.png-atlas
[18:56:36] [Render thread/INFO] [minecraft/TextureAtlas]: Created: 512x512x4 minecraft:textures/atlas/shield_patterns.png-atlas
[18:56:36] [Render thread/INFO] [minecraft/TextureAtlas]: Created: 512x512x4 minecraft:textures/atlas/banner_patterns.png-atlas
[18:56:36] [Render thread/INFO] [minecraft/TextureAtlas]: Created: 1024x1024x4 minecraft:textures/atlas/armor_trims.png-atlas
[18:56:36] [Render thread/INFO] [minecraft/TextureAtlas]: Created: 256x256x4 minecraft:textures/atlas/chest.png-atlas
[18:56:36] [Render thread/INFO] [minecraft/TextureAtlas]: Created: 128x64x4 minecraft:textures/atlas/decorated_pot.png-atlas
[18:56:36] [Render thread/INFO] [minecraft/TextureAtlas]: Created: 512x256x4 minecraft:textures/atlas/beds.png-atlas
[18:56:36] [Render thread/INFO] [minecraft/TextureAtlas]: Created: 512x256x4 minecraft:textures/atlas/shulker_boxes.png-atlas
[18:56:36] [Render thread/INFO] [minecraft/TextureAtlas]: Created: 512x256x0 minecraft:textures/atlas/particles.png-atlas
[18:56:36] [Render thread/INFO] [minecraft/TextureAtlas]: Created: 512x256x0 minecraft:textures/atlas/paintings.png-atlas
[18:56:36] [Render thread/INFO] [minecraft/TextureAtlas]: Created: 256x128x0 minecraft:textures/atlas/mob_effects.png-atlas
[18:56:36] [Render thread/INFO] [minecraft/TextureAtlas]: Created: 64x64x0 minecraft:textures/atlas/map_decorations.png-atlas
[18:56:36] [Render thread/INFO] [minecraft/TextureAtlas]: Created: 1024x512x0 minecraft:textures/atlas/gui.png-atlas
